---
source: tests/autotarget.rs
expression: m
---
Manifest {
    package: Some(
        Package {
            name: "test-package",
            edition: None,
            version: Some(
                Local(
                    "0.1.0",
                ),
            ),
            build: None,
            workspace: None,
            authors: None,
            links: None,
            description: None,
            homepage: None,
            documentation: None,
            readme: None,
            keywords: None,
            categories: None,
            license: None,
            license_file: None,
            repository: None,
            metadata: None,
            rust_version: None,
            exclude: None,
            include: None,
            default_run: None,
            autobins: None,
            autoexamples: None,
            autotests: None,
            autobenches: None,
            publish: None,
            resolver: None,
        },
    ),
    cargo_features: None,
    workspace: None,
    dependencies: None,
    dev_dependencies: None,
    build_dependencies: None,
    target: None,
    features: None,
    bin: [
        Product {
            path: None,
            name: Some(
                "named-executable",
            ),
            test: true,
            doctest: true,
            bench: true,
            doc: true,
            plugin: false,
            proc_macro: false,
            harness: true,
            edition: None,
            required_features: [],
            crate_type: None,
        },
    ],
    bench: [
        Product {
            path: None,
            name: Some(
                "large-input",
            ),
            test: true,
            doctest: true,
            bench: true,
            doc: true,
            plugin: false,
            proc_macro: false,
            harness: true,
            edition: None,
            required_features: [],
            crate_type: None,
        },
    ],
    test: [
        Product {
            path: None,
            name: Some(
                "some-integration-tests",
            ),
            test: true,
            doctest: true,
            bench: true,
            doc: true,
            plugin: false,
            proc_macro: false,
            harness: true,
            edition: None,
            required_features: [],
            crate_type: None,
        },
    ],
    example: [
        Product {
            path: None,
            name: Some(
                "simple",
            ),
            test: true,
            doctest: true,
            bench: true,
            doc: true,
            plugin: false,
            proc_macro: false,
            harness: true,
            edition: None,
            required_features: [],
            crate_type: None,
        },
    ],
    patch: None,
    lib: Some(
        Product {
            path: Some(
                "src/lib.rs",
            ),
            name: Some(
                "test_package",
            ),
            test: true,
            doctest: true,
            bench: true,
            doc: true,
            plugin: false,
            proc_macro: false,
            harness: true,
            edition: None,
            required_features: [],
            crate_type: Some(
                [
                    "lib",
                ],
            ),
        },
    ),
    profile: None,
    badges: None,
}
