---
source: tests/parse.rs
expression: m
---
Manifest {
    package: Some(
        Package {
            name: "buildrstest",
            edition: None,
            version: Some(
                Local(
                    "0.2.0",
                ),
            ),
            build: Some(
                String(
                    "build.rs",
                ),
            ),
            workspace: None,
            authors: None,
            links: None,
            description: None,
            homepage: None,
            documentation: None,
            readme: None,
            keywords: None,
            categories: None,
            license: None,
            license_file: None,
            repository: None,
            metadata: None,
            rust_version: None,
            exclude: None,
            include: None,
            default_run: None,
            autobins: true,
            autoexamples: true,
            autotests: true,
            autobenches: true,
            publish: None,
            resolver: None,
        },
    ),
    cargo_features: None,
    workspace: None,
    dependencies: None,
    dev_dependencies: None,
    build_dependencies: None,
    target: None,
    features: None,
    bin: Some(
        [],
    ),
    bench: Some(
        [],
    ),
    test: Some(
        [],
    ),
    example: Some(
        [],
    ),
    patch: None,
    lib: None,
    profile: None,
    badges: None,
}
