---
source: tests/parse.rs
expression: m
---
Manifest {
    package: Some(
        Package {
            name: "foo",
            edition: None,
            version: Local(
                "1",
            ),
            build: None,
            workspace: None,
            authors: None,
            links: None,
            description: None,
            homepage: None,
            documentation: None,
            readme: None,
            keywords: None,
            categories: None,
            license: None,
            license_file: None,
            repository: None,
            metadata: None,
            rust_version: None,
            exclude: None,
            include: None,
            default_run: None,
            autobins: true,
            autoexamples: true,
            autotests: true,
            autobenches: true,
            publish: None,
            resolver: None,
        },
    ),
    cargo_features: None,
    workspace: None,
    dependencies: Some(
        {
            "rusoto_core": Detailed(
                DependencyDetail {
                    version: Some(
                        "0.45.0",
                    ),
                    registry: None,
                    registry_index: None,
                    path: None,
                    git: None,
                    branch: None,
                    tag: None,
                    rev: None,
                    features: Some(
                        [
                            "rustls",
                        ],
                    ),
                    optional: None,
                    default_features: Some(
                        false,
                    ),
                    package: None,
                },
            ),
        },
    ),
    dev_dependencies: None,
    build_dependencies: None,
    target: None,
    features: None,
    bin: None,
    bench: None,
    test: None,
    example: None,
    patch: None,
    lib: None,
    profile: None,
    badges: None,
}
